#
# There is insufficient memory for the Java Runtime Environment to continue.
# Native memory allocation (malloc) failed to allocate 1048576 bytes. Error detail: AllocateHeap
# Possible reasons:
#   The system is out of physical RAM or swap space
#   This process is running with CompressedOops enabled, and the Java Heap may be blocking the growth of the native heap
# Possible solutions:
#   Reduce memory load on the system
#   Increase physical memory or swap space
#   Check if swap backing store is full
#   Decrease Java heap size (-Xmx/-Xms)
#   Decrease number of Java threads
#   Decrease Java thread stack sizes (-Xss)
#   Set larger code cache with -XX:ReservedCodeCacheSize=
#   JVM is running with Unscaled Compressed Oops mode in which the Java heap is
#     placed in the first 4GB address space. The Java Heap base address is the
#     maximum limit for the native heap growth. Please use -XX:HeapBaseMinAddress
#     to set the Java Heap base and to place the Java Heap above 4GB virtual address.
# This output file may be truncated or incomplete.
#
#  Out of Memory Error (allocation.cpp:44), pid=19108, tid=2144
#
# JRE version: OpenJDK Runtime Environment Temurin-21.0.10+7 (21.0.10+7) (build 21.0.10+7-LTS)
# Java VM: OpenJDK 64-Bit Server VM Temurin-21.0.10+7 (21.0.10+7-LTS, mixed mode, sharing, tiered, compressed oops, compressed class ptrs, parallel gc, windows-amd64)
# No core dump will be written. Minidumps are not enabled by default on client versions of Windows
#

---------------  S U M M A R Y ------------

Command Line: --add-modules=ALL-SYSTEM --add-opens=java.base/java.util=ALL-UNNAMED --add-opens=java.base/java.lang=ALL-UNNAMED --add-opens=java.base/sun.nio.fs=ALL-UNNAMED -Declipse.application=org.eclipse.jdt.ls.core.id1 -Dosgi.bundles.defaultStartLevel=4 -Declipse.product=org.eclipse.jdt.ls.core.product -Djava.import.generatesMetadataFilesAtProjectRoot=false -DDetectVMInstallationsJob.disabled=true -Dfile.encoding=utf8 -XX:+UseParallelGC -XX:GCTimeRatio=4 -XX:AdaptiveSizePolicyWeight=90 -Dsun.zip.disableMemoryMapping=true -Xmx2G -Xms100m -Xlog:disable -javaagent:c:\Users\TOSHIBA\.vscode\extensions\redhat.java-1.54.0-win32-x64\lombok\lombok-1.18.39-4050.jar -XX:+HeapDumpOnOutOfMemoryError -XX:HeapDumpPath=c:\Users\TOSHIBA\AppData\Roaming\Code\User\workspaceStorage\83d2132ee87fe1e68620f36b23b40423\redhat.java -Daether.dependencyCollector.impl=bf c:\Users\TOSHIBA\.vscode\extensions\redhat.java-1.54.0-win32-x64\server\plugins\org.eclipse.equinox.launcher_1.7.100.v20251111-0406.jar -configuration c:\Users\TOSHIBA\AppData\Roaming\Code\User\globalStorage\redhat.java\1.54.0\config_win -data c:\Users\TOSHIBA\AppData\Roaming\Code\User\workspaceStorage\83d2132ee87fe1e68620f36b23b40423\redhat.java\jdt_ws --pipe=\\.\pipe\lsp-71394ad2c3cdd59e07eb9ba8d71ce454-sock

Host: Intel(R) Core(TM) i3-4005U CPU @ 1.70GHz, 4 cores, 3G,  Windows 10 , 64 bit Build 19041 (10.0.19041.5915)
Time: Fri May 15 15:16:07 2026 Hora est. Pacífico, Sudamérica elapsed time: 7971.587959 seconds (0d 2h 12m 51s)

---------------  T H R E A D  ---------------

Current thread (0x000001f2fa424900):  JavaThread "Attach Listener" daemon [_thread_in_vm, id=2144, stack(0x000000122f300000,0x000000122f400000) (1024K)]

Stack: [0x000000122f300000,0x000000122f400000]
Native frames: (J=compiled Java code, j=interpreted, Vv=VM code, C=native code)
V  [jvm.dll+0x6d7a39]
V  [jvm.dll+0x8b4b26]
V  [jvm.dll+0x8b70de]
V  [jvm.dll+0x8b77c3]
V  [jvm.dll+0x284346]
V  [jvm.dll+0xc1277]
V  [jvm.dll+0x6d82e9]
V  [jvm.dll+0x1334a6]
V  [jvm.dll+0x3f857e]
V  [jvm.dll+0x85f59d]
V  [jvm.dll+0x6d626d]
C  [ucrtbase.dll+0x21bb2]
C  [KERNEL32.DLL+0x17374]
C  [ntdll.dll+0x4cc91]


---------------  P R O C E S S  ---------------

Threads class SMR info:
_java_thread_list=0x000001f2d8c9c6d0, length=34, elements={
0x000001f2f0a34b20, 0x000001f2fa41fdb0, 0x000001f2fa420b60, 0x000001f2fa423ca0,
0x000001f2fa424900, 0x000001f2fa425560, 0x000001f2fa4261c0, 0x000001f2fa429010,
0x000001f2fa497a60, 0x000001f2d4164fe0, 0x000001f2d4309800, 0x000001f2d41ad0f0,
0x000001f2d46ca3a0, 0x000001f2d46cb5d0, 0x000001f2d4c0e830, 0x000001f2d4f03930,
0x000001f2d63d5860, 0x000001f2d63d3790, 0x000001f2d63d44b0, 0x000001f2d4b529e0,
0x000001f2d4b53070, 0x000001f2d4b4eed0, 0x000001f2d4b4db20, 0x000001f2d4b50280,
0x000001f2d4b53700, 0x000001f2d4b4f560, 0x000001f2d4b50fa0, 0x000001f2d4b4c770,
0x000001f2d4b51cc0, 0x000001f2d4b4e1b0, 0x000001f2d566ca50, 0x000001f2d566c3c0,
0x000001f2d5671280, 0x000001f2d63d2a70
}

Java Threads: ( => current thread )
  0x000001f2f0a34b20 JavaThread "main"                              [_thread_blocked, id=12812, stack(0x000000122ec00000,0x000000122ed00000) (1024K)]
  0x000001f2fa41fdb0 JavaThread "Reference Handler"          daemon [_thread_blocked, id=1396, stack(0x000000122f000000,0x000000122f100000) (1024K)]
  0x000001f2fa420b60 JavaThread "Finalizer"                  daemon [_thread_blocked, id=5296, stack(0x000000122f100000,0x000000122f200000) (1024K)]
  0x000001f2fa423ca0 JavaThread "Signal Dispatcher"          daemon [_thread_blocked, id=11252, stack(0x000000122f200000,0x000000122f300000) (1024K)]
=>0x000001f2fa424900 JavaThread "Attach Listener"            daemon [_thread_in_vm, id=2144, stack(0x000000122f300000,0x000000122f400000) (1024K)]
  0x000001f2fa425560 JavaThread "Service Thread"             daemon [_thread_blocked, id=18980, stack(0x000000122f400000,0x000000122f500000) (1024K)]
  0x000001f2fa4261c0 JavaThread "Monitor Deflation Thread"   daemon [_thread_blocked, id=18128, stack(0x000000122f500000,0x000000122f600000) (1024K)]
  0x000001f2fa429010 JavaThread "C2 CompilerThread0"         daemon [_thread_blocked, id=16172, stack(0x000000122f600000,0x000000122f700000) (1024K)]
  0x000001f2fa497a60 JavaThread "C1 CompilerThread0"         daemon [_thread_blocked, id=6708, stack(0x000000122f700000,0x000000122f800000) (1024K)]
  0x000001f2d4164fe0 JavaThread "Common-Cleaner"             daemon [_thread_blocked, id=12144, stack(0x000000122f800000,0x000000122f900000) (1024K)]
  0x000001f2d4309800 JavaThread "Notification Thread"        daemon [_thread_blocked, id=9548, stack(0x000000122f900000,0x000000122fa00000) (1024K)]
  0x000001f2d41ad0f0 JavaThread "Active Thread: Equinox Container: ae4dc99a-70a5-4b95-a22b-98d22c7bf1c2"        [_thread_blocked, id=15224, stack(0x0000001230100000,0x0000001230200000) (1024K)]
  0x000001f2d46ca3a0 JavaThread "Framework Event Dispatcher: Equinox Container: ae4dc99a-70a5-4b95-a22b-98d22c7bf1c2" daemon [_thread_blocked, id=7428, stack(0x000000122fd00000,0x000000122fe00000) (1024K)]
  0x000001f2d46cb5d0 JavaThread "Start Level: Equinox Container: ae4dc99a-70a5-4b95-a22b-98d22c7bf1c2" daemon [_thread_blocked, id=9260, stack(0x000000122fe00000,0x000000122ff00000) (1024K)]
  0x000001f2d4c0e830 JavaThread "Bundle File Closer"         daemon [_thread_blocked, id=4100, stack(0x000000122ff00000,0x0000001230000000) (1024K)]
  0x000001f2d4f03930 JavaThread "Refresh Thread: Equinox Container: ae4dc99a-70a5-4b95-a22b-98d22c7bf1c2" daemon [_thread_blocked, id=13696, stack(0x0000001230000000,0x0000001230100000) (1024K)]
  0x000001f2d63d5860 JavaThread "SCR Component Actor"        daemon [_thread_blocked, id=16532, stack(0x0000001230200000,0x0000001230300000) (1024K)]
  0x000001f2d63d3790 JavaThread "Worker-JM"                         [_thread_blocked, id=3872, stack(0x000000122ea00000,0x000000122eb00000) (1024K)]
  0x000001f2d63d44b0 JavaThread "Java indexing"              daemon [_thread_blocked, id=6424, stack(0x0000001230700000,0x0000001230800000) (1024K)]
  0x000001f2d4b529e0 JavaThread "JNA Cleaner"                daemon [_thread_blocked, id=4680, stack(0x0000001230a00000,0x0000001230b00000) (1024K)]
  0x000001f2d4b53070 JavaThread "Thread-1"                   daemon [_thread_in_native, id=13004, stack(0x0000001230c00000,0x0000001230d00000) (1024K)]
  0x000001f2d4b4eed0 JavaThread "Thread-2"                   daemon [_thread_in_native, id=6208, stack(0x0000001230d00000,0x0000001230e00000) (1024K)]
  0x000001f2d4b4db20 JavaThread "Thread-3"                   daemon [_thread_in_native, id=10764, stack(0x0000001230e00000,0x0000001230f00000) (1024K)]
  0x000001f2d4b50280 JavaThread "Thread-4"                   daemon [_thread_in_native, id=13428, stack(0x0000001230f00000,0x0000001231000000) (1024K)]
  0x000001f2d4b53700 JavaThread "Thread-5"                   daemon [_thread_in_native, id=3864, stack(0x0000001231000000,0x0000001231100000) (1024K)]
  0x000001f2d4b4f560 JavaThread "pool-2-thread-1"                   [_thread_blocked, id=1124, stack(0x0000001231100000,0x0000001231200000) (1024K)]
  0x000001f2d4b50fa0 JavaThread "WorkspaceEventsHandler"            [_thread_blocked, id=14100, stack(0x0000001231200000,0x0000001231300000) (1024K)]
  0x000001f2d4b4c770 JavaThread "pool-1-thread-1"                   [_thread_blocked, id=4576, stack(0x0000001231300000,0x0000001231400000) (1024K)]
  0x000001f2d4b51cc0 JavaThread "Cleaner-0"                  daemon [_thread_blocked, id=14612, stack(0x0000001231c00000,0x0000001231d00000) (1024K)]
  0x000001f2d4b4e1b0 JavaThread "Worker-7"                          [_thread_blocked, id=13140, stack(0x0000001230600000,0x0000001230700000) (1024K)]
  0x000001f2d566ca50 JavaThread "Java Debug Server"          daemon [_thread_in_native, id=9076, stack(0x0000001231500000,0x0000001231600000) (1024K)]
  0x000001f2d566c3c0 JavaThread "RxSchedulerPurge-1"         daemon [_thread_blocked, id=11544, stack(0x0000001231800000,0x0000001231900000) (1024K)]
  0x000001f2d5671280 JavaThread "RxCachedWorkerPoolEvictor-1" daemon [_thread_blocked, id=15040, stack(0x0000001231900000,0x0000001231a00000) (1024K)]
  0x000001f2d63d2a70 JavaThread "Worker-10"                         [_thread_blocked, id=15368, stack(0x0000001231400000,0x0000001231500000) (1024K)]
Total: 34

Other Threads:
  0x000001f2f0bf0bc0 VMThread "VM Thread"                           [id=11648, stack(0x000000122ef00000,0x000000122f000000) (1024K)]
  0x000001f2f0b9e0f0 WatcherThread "VM Periodic Task Thread"        [id=2356, stack(0x000000122ee00000,0x000000122ef00000) (1024K)]
  0x000001f2f0b50230 WorkerThread "GC Thread#0"                     [id=15728, stack(0x000000122ed00000,0x000000122ee00000) (1024K)]
  0x000001f2d443ef60 WorkerThread "GC Thread#1"                     [id=13052, stack(0x000000122fa00000,0x000000122fb00000) (1024K)]
  0x000001f2d457eee0 WorkerThread "GC Thread#2"                     [id=3952, stack(0x000000122fb00000,0x000000122fc00000) (1024K)]
  0x000001f2d443f310 WorkerThread "GC Thread#3"                     [id=16492, stack(0x000000122fc00000,0x000000122fd00000) (1024K)]
Total: 6

Threads with active compile tasks:
Total: 0

VM state: not at safepoint (normal execution)

VM Mutex/Monitor currently owned by a thread: None

Heap address: 0x0000000080000000, size: 2048 MB, Compressed Oops mode: 32-bit

CDS archive(s) mapped at: [0x000001f28f000000-0x000001f28fba0000-0x000001f28fba0000), size 12189696, SharedBaseAddress: 0x000001f28f000000, ArchiveRelocationMode: 1.
Compressed class space mapped at: 0x000001f290000000-0x000001f2d0000000, reserved size: 1073741824
Narrow klass base: 0x000001f28f000000, Narrow klass shift: 0, Narrow klass range: 0x100000000

GC Precious Log:
 CardTable entry size: 512
 CPUs: 4 total, 4 available
 Memory: 4006M
 Large Page Support: Disabled
 NUMA Support: Disabled
 Compressed Oops: Enabled (32-bit)
 Alignments: Space 512K, Generation 512K, Heap 2M
 Heap Min Capacity: 100M
 Heap Initial Capacity: 100M
 Heap Max Capacity: 2G
 Pre-touch: Disabled
 Parallel Workers: 4

Heap:
 PSYoungGen      total 7680K, used 1121K [0x00000000d5580000, 0x00000000d6000000, 0x0000000100000000)
  eden space 6656K, 1% used [0x00000000d5580000,0x00000000d55985e8,0x00000000d5c00000)
  from space 1024K, 100% used [0x00000000d5f00000,0x00000000d6000000,0x00000000d6000000)
  to   space 1536K, 0% used [0x00000000d5d00000,0x00000000d5d00000,0x00000000d5e80000)
 ParOldGen       total 678912K, used 282155K [0x0000000080000000, 0x00000000a9700000, 0x00000000d5580000)
  object space 678912K, 41% used [0x0000000080000000,0x000000009138aeb8,0x00000000a9700000)
 Metaspace       used 83026K, committed 84736K, reserved 1179648K
  class space    used 8686K, committed 9408K, reserved 1048576K

Card table byte_map: [0x000001f2f5800000,0x000001f2f5c10000] _byte_map_base: 0x000001f2f5400000

Marking Bits: (ParMarkBitMap*) 0x00007ffa5aa83450
 Begin Bits: [0x000001f2f5ec0000, 0x000001f2f7ec0000)
 End Bits:   [0x000001f2f7ec0000, 0x000001f2f9ec0000)

Polling page: 0x000001f2f09d0000

Metaspace:

Usage:
  Non-class:     72.60 MB used.
      Class:      8.48 MB used.
       Both:     81.08 MB used.

Virtual space:
  Non-class space:      128.00 MB reserved,      73.56 MB ( 57%) committed,  2 nodes.
      Class space:        1.00 GB reserved,       9.19 MB ( <1%) committed,  1 nodes.
             Both:        1.12 GB reserved,      82.75 MB (  7%) committed. 

Chunk freelists:
   Non-Class:  6.41 MB
       Class:  6.81 MB
        Both:  13.22 MB

MaxMetaspaceSize: unlimited
CompressedClassSpaceSize: 1.00 GB
Initial GC threshold: 21.00 MB
Current GC threshold: 136.06 MB
CDS: on
 - commit_granule_bytes: 65536.
 - commit_granule_words: 8192.
 - virtual_space_node_default_size: 8388608.
 - enlarge_chunks_in_place: 1.
 - use_allocation_guard: 0.


Internal statistics:

num_allocs_failed_limit: 9.
num_arena_births: 1526.
num_arena_deaths: 52.
num_vsnodes_births: 3.
num_vsnodes_deaths: 0.
num_space_committed: 1324.
num_space_uncommitted: 0.
num_chunks_returned_to_freelist: 77.
num_chunks_taken_from_freelist: 5368.
num_chunk_merges: 25.
num_chunk_splits: 3265.
num_chunks_enlarged: 1851.
num_inconsistent_stats: 0.

CodeHeap 'non-profiled nmethods': size=120000Kb used=13176Kb max_used=13444Kb free=106823Kb
 bounds [0x000001f287ad0000, 0x000001f288800000, 0x000001f28f000000]
CodeHeap 'profiled nmethods': size=120000Kb used=37997Kb max_used=38478Kb free=82002Kb
 bounds [0x000001f280000000, 0x000001f2825a0000, 0x000001f287530000]
CodeHeap 'non-nmethods': size=5760Kb used=1523Kb max_used=1598Kb free=4236Kb
 bounds [0x000001f287530000, 0x000001f2877a0000, 0x000001f287ad0000]
CodeCache: size=245760Kb, used=52696Kb, max_used=53520Kb, free=193061Kb
 total_blobs=16356, nmethods=15505, adapters=753, full_count=0
Compilation: enabled, stopped_count=0, restarted_count=0

Compilation events (20 events):
Event: 7100.836 Thread 0x000001f2fa429010 17745       4       org.eclipse.jdt.internal.compiler.lookup.ClassScope::buildMethods (591 bytes)
Event: 7100.915 Thread 0x000001f2fa429010 nmethod 17745 0x000001f287e7d990 code [0x000001f287e7dc00, 0x000001f287e7ea40]
Event: 7100.916 Thread 0x000001f2fa429010 17752       4       org.eclipse.jdt.core.dom.ASTConverter::convert (871 bytes)
Event: 7101.098 Thread 0x000001f2fa429010 nmethod 17752 0x000001f287be5b90 code [0x000001f287be6140, 0x000001f287be7e28]
Event: 7140.751 Thread 0x000001f2fa497a60 17754       3       java.lang.ClassLoader::getBuiltinPlatformClassLoader (4 bytes)
Event: 7140.763 Thread 0x000001f2fa497a60 nmethod 17754 0x000001f2811aaf90 code [0x000001f2811ab140, 0x000001f2811ab290]
Event: 7261.102 Thread 0x000001f2fa497a60 17755       3       java.lang.ClassLoader::getPlatformClassLoader (21 bytes)
Event: 7261.138 Thread 0x000001f2fa497a60 nmethod 17755 0x000001f2811aaa10 code [0x000001f2811aabe0, 0x000001f2811aae70]
Event: 7309.515 Thread 0x000001f2fa497a60 17756   !   3       org.eclipse.osgi.container.ModuleDatabase::getTimestamp (25 bytes)
Event: 7309.562 Thread 0x000001f2fa497a60 nmethod 17756 0x000001f2811a9a10 code [0x000001f2811a9c60, 0x000001f2811aa5a8]
Event: 7339.527 Thread 0x000001f2fa497a60 17757       3       org.eclipse.osgi.storage.Storage::isReadOnly (10 bytes)
Event: 7339.538 Thread 0x000001f2fa497a60 nmethod 17757 0x000001f2811a9610 code [0x000001f2811a97c0, 0x000001f2811a9940]
Event: 7565.488 Thread 0x000001f2fa497a60 17758       3       org.eclipse.core.internal.resources.MarkerSet::shareStrings (57 bytes)
Event: 7565.512 Thread 0x000001f2fa497a60 nmethod 17758 0x000001f2811a8d10 code [0x000001f2811a8ee0, 0x000001f2811a9450]
Event: 7699.612 Thread 0x000001f2fa497a60 17759   !   3       org.eclipse.osgi.storage.Storage::save (62 bytes)
Event: 7699.663 Thread 0x000001f2fa497a60 nmethod 17759 0x000001f2811a8610 code [0x000001f2811a8800, 0x000001f2811a8b70]
Event: 7717.253 Thread 0x000001f2fa429010 17761   !   4       java.util.concurrent.locks.AbstractQueuedSynchronizer::tryInitializeHead (66 bytes)
Event: 7717.407 Thread 0x000001f2fa429010 nmethod 17761 0x000001f287e7d510 code [0x000001f287e7d6a0, 0x000001f287e7d870]
Event: 7759.628 Thread 0x000001f2fa497a60 17762   !   3       org.eclipse.osgi.internal.framework.StorageSaver$StorageSaverTask::run (31 bytes)
Event: 7759.657 Thread 0x000001f2fa497a60 nmethod 17762 0x000001f2811a8010 code [0x000001f2811a81e0, 0x000001f2811a8460]

GC Heap History (20 events):
Event: 6174.422 GC heap before
{Heap before GC invocations=959 (full 4):
 PSYoungGen      total 8704K, used 8384K [0x00000000d5580000, 0x00000000d6400000, 0x0000000100000000)
  eden space 8192K, 100% used [0x00000000d5580000,0x00000000d5d80000,0x00000000d5d80000)
  from space 512K, 37% used [0x00000000d6380000,0x00000000d63b0020,0x00000000d6400000)
  to   space 512K, 0% used [0x00000000d6300000,0x00000000d6300000,0x00000000d6380000)
 ParOldGen       total 678912K, used 270526K [0x0000000080000000, 0x00000000a9700000, 0x00000000d5580000)
  object space 678912K, 39% used [0x0000000080000000,0x000000009082fa78,0x00000000a9700000)
 Metaspace       used 82760K, committed 84416K, reserved 1179648K
  class space    used 8681K, committed 9408K, reserved 1048576K
}
Event: 6174.759 GC heap after
{Heap after GC invocations=959 (full 4):
 PSYoungGen      total 8704K, used 512K [0x00000000d5580000, 0x00000000d6400000, 0x0000000100000000)
  eden space 8192K, 0% used [0x00000000d5580000,0x00000000d5580000,0x00000000d5d80000)
  from space 512K, 100% used [0x00000000d6300000,0x00000000d6380000,0x00000000d6380000)
  to   space 512K, 0% used [0x00000000d6380000,0x00000000d6380000,0x00000000d6400000)
 ParOldGen       total 678912K, used 271094K [0x0000000080000000, 0x00000000a9700000, 0x00000000d5580000)
  object space 678912K, 39% used [0x0000000080000000,0x00000000908bd870,0x00000000a9700000)
 Metaspace       used 82760K, committed 84416K, reserved 1179648K
  class space    used 8681K, committed 9408K, reserved 1048576K
}
Event: 6181.622 GC heap before
{Heap before GC invocations=960 (full 4):
 PSYoungGen      total 8704K, used 8704K [0x00000000d5580000, 0x00000000d6400000, 0x0000000100000000)
  eden space 8192K, 100% used [0x00000000d5580000,0x00000000d5d80000,0x00000000d5d80000)
  from space 512K, 100% used [0x00000000d6300000,0x00000000d6380000,0x00000000d6380000)
  to   space 512K, 0% used [0x00000000d6380000,0x00000000d6380000,0x00000000d6400000)
 ParOldGen       total 678912K, used 271094K [0x0000000080000000, 0x00000000a9700000, 0x00000000d5580000)
  object space 678912K, 39% used [0x0000000080000000,0x00000000908bd870,0x00000000a9700000)
 Metaspace       used 82810K, committed 84480K, reserved 1179648K
  class space    used 8682K, committed 9408K, reserved 1048576K
}
Event: 6181.646 GC heap after
{Heap after GC invocations=960 (full 4):
 PSYoungGen      total 8704K, used 496K [0x00000000d5580000, 0x00000000d6400000, 0x0000000100000000)
  eden space 8192K, 0% used [0x00000000d5580000,0x00000000d5580000,0x00000000d5d80000)
  from space 512K, 96% used [0x00000000d6380000,0x00000000d63fc050,0x00000000d6400000)
  to   space 2560K, 0% used [0x00000000d5f00000,0x00000000d5f00000,0x00000000d6180000)
 ParOldGen       total 678912K, used 272769K [0x0000000080000000, 0x00000000a9700000, 0x00000000d5580000)
  object space 678912K, 40% used [0x0000000080000000,0x0000000090a607b8,0x00000000a9700000)
 Metaspace       used 82810K, committed 84480K, reserved 1179648K
  class space    used 8682K, committed 9408K, reserved 1048576K
}
Event: 6185.897 GC heap before
{Heap before GC invocations=961 (full 4):
 PSYoungGen      total 8704K, used 8688K [0x00000000d5580000, 0x00000000d6400000, 0x0000000100000000)
  eden space 8192K, 100% used [0x00000000d5580000,0x00000000d5d80000,0x00000000d5d80000)
  from space 512K, 96% used [0x00000000d6380000,0x00000000d63fc050,0x00000000d6400000)
  to   space 2560K, 0% used [0x00000000d5f00000,0x00000000d5f00000,0x00000000d6180000)
 ParOldGen       total 678912K, used 272769K [0x0000000080000000, 0x00000000a9700000, 0x00000000d5580000)
  object space 678912K, 40% used [0x0000000080000000,0x0000000090a607b8,0x00000000a9700000)
 Metaspace       used 82873K, committed 84544K, reserved 1179648K
  class space    used 8682K, committed 9408K, reserved 1048576K
}
Event: 6185.929 GC heap after
{Heap after GC invocations=961 (full 4):
 PSYoungGen      total 10752K, used 2069K [0x00000000d5580000, 0x00000000d6400000, 0x0000000100000000)
  eden space 8192K, 0% used [0x00000000d5580000,0x00000000d5580000,0x00000000d5d80000)
  from space 2560K, 80% used [0x00000000d5f00000,0x00000000d6105790,0x00000000d6180000)
  to   space 2560K, 0% used [0x00000000d6180000,0x00000000d6180000,0x00000000d6400000)
 ParOldGen       total 678912K, used 273242K [0x0000000080000000, 0x00000000a9700000, 0x00000000d5580000)
  object space 678912K, 40% used [0x0000000080000000,0x0000000090ad6870,0x00000000a9700000)
 Metaspace       used 82873K, committed 84544K, reserved 1179648K
  class space    used 8682K, committed 9408K, reserved 1048576K
}
Event: 6190.368 GC heap before
{Heap before GC invocations=962 (full 4):
 PSYoungGen      total 10752K, used 10261K [0x00000000d5580000, 0x00000000d6400000, 0x0000000100000000)
  eden space 8192K, 100% used [0x00000000d5580000,0x00000000d5d80000,0x00000000d5d80000)
  from space 2560K, 80% used [0x00000000d5f00000,0x00000000d6105790,0x00000000d6180000)
  to   space 2560K, 0% used [0x00000000d6180000,0x00000000d6180000,0x00000000d6400000)
 ParOldGen       total 678912K, used 273242K [0x0000000080000000, 0x00000000a9700000, 0x00000000d5580000)
  object space 678912K, 40% used [0x0000000080000000,0x0000000090ad6870,0x00000000a9700000)
 Metaspace       used 82873K, committed 84544K, reserved 1179648K
  class space    used 8682K, committed 9408K, reserved 1048576K
}
Event: 6190.382 GC heap after
{Heap after GC invocations=962 (full 4):
 PSYoungGen      total 10752K, used 2151K [0x00000000d5580000, 0x00000000d6400000, 0x0000000100000000)
  eden space 8192K, 0% used [0x00000000d5580000,0x00000000d5580000,0x00000000d5d80000)
  from space 2560K, 84% used [0x00000000d6180000,0x00000000d6399c50,0x00000000d6400000)
  to   space 2560K, 0% used [0x00000000d5f00000,0x00000000d5f00000,0x00000000d6180000)
 ParOldGen       total 678912K, used 273590K [0x0000000080000000, 0x00000000a9700000, 0x00000000d5580000)
  object space 678912K, 40% used [0x0000000080000000,0x0000000090b2dae8,0x00000000a9700000)
 Metaspace       used 82873K, committed 84544K, reserved 1179648K
  class space    used 8682K, committed 9408K, reserved 1048576K
}
Event: 6212.710 GC heap before
{Heap before GC invocations=963 (full 4):
 PSYoungGen      total 10752K, used 10343K [0x00000000d5580000, 0x00000000d6400000, 0x0000000100000000)
  eden space 8192K, 99% used [0x00000000d5580000,0x00000000d5d7ffe0,0x00000000d5d80000)
  from space 2560K, 84% used [0x00000000d6180000,0x00000000d6399c50,0x00000000d6400000)
  to   space 2560K, 0% used [0x00000000d5f00000,0x00000000d5f00000,0x00000000d6180000)
 ParOldGen       total 678912K, used 273590K [0x0000000080000000, 0x00000000a9700000, 0x00000000d5580000)
  object space 678912K, 40% used [0x0000000080000000,0x0000000090b2dae8,0x00000000a9700000)
 Metaspace       used 82900K, committed 84608K, reserved 1179648K
  class space    used 8682K, committed 9408K, reserved 1048576K
}
Event: 6212.742 GC heap after
{Heap after GC invocations=963 (full 4):
 PSYoungGen      total 10752K, used 2336K [0x00000000d5580000, 0x00000000d6280000, 0x0000000100000000)
  eden space 8192K, 0% used [0x00000000d5580000,0x00000000d5580000,0x00000000d5d80000)
  from space 2560K, 91% used [0x00000000d5f00000,0x00000000d6148100,0x00000000d6180000)
  to   space 1024K, 0% used [0x00000000d6180000,0x00000000d6180000,0x00000000d6280000)
 ParOldGen       total 678912K, used 275709K [0x0000000080000000, 0x00000000a9700000, 0x00000000d5580000)
  object space 678912K, 40% used [0x0000000080000000,0x0000000090d3f738,0x00000000a9700000)
 Metaspace       used 82900K, committed 84608K, reserved 1179648K
  class space    used 8682K, committed 9408K, reserved 1048576K
}
Event: 6215.358 GC heap before
{Heap before GC invocations=964 (full 4):
 PSYoungGen      total 10752K, used 10528K [0x00000000d5580000, 0x00000000d6280000, 0x0000000100000000)
  eden space 8192K, 100% used [0x00000000d5580000,0x00000000d5d80000,0x00000000d5d80000)
  from space 2560K, 91% used [0x00000000d5f00000,0x00000000d6148100,0x00000000d6180000)
  to   space 1024K, 0% used [0x00000000d6180000,0x00000000d6180000,0x00000000d6280000)
 ParOldGen       total 678912K, used 275709K [0x0000000080000000, 0x00000000a9700000, 0x00000000d5580000)
  object space 678912K, 40% used [0x0000000080000000,0x0000000090d3f738,0x00000000a9700000)
 Metaspace       used 82954K, committed 84672K, reserved 1179648K
  class space    used 8686K, committed 9408K, reserved 1048576K
}
Event: 6215.410 GC heap after
{Heap after GC invocations=964 (full 4):
 PSYoungGen      total 7680K, used 992K [0x00000000d5580000, 0x00000000d6880000, 0x0000000100000000)
  eden space 6656K, 0% used [0x00000000d5580000,0x00000000d5580000,0x00000000d5c00000)
  from space 1024K, 96% used [0x00000000d6180000,0x00000000d62780d0,0x00000000d6280000)
  to   space 5632K, 0% used [0x00000000d5c00000,0x00000000d5c00000,0x00000000d6180000)
 ParOldGen       total 678912K, used 279600K [0x0000000080000000, 0x00000000a9700000, 0x00000000d5580000)
  object space 678912K, 41% used [0x0000000080000000,0x000000009110c2e0,0x00000000a9700000)
 Metaspace       used 82954K, committed 84672K, reserved 1179648K
  class space    used 8686K, committed 9408K, reserved 1048576K
}
Event: 6215.646 GC heap before
{Heap before GC invocations=965 (full 4):
 PSYoungGen      total 7680K, used 7648K [0x00000000d5580000, 0x00000000d6880000, 0x0000000100000000)
  eden space 6656K, 100% used [0x00000000d5580000,0x00000000d5c00000,0x00000000d5c00000)
  from space 1024K, 96% used [0x00000000d6180000,0x00000000d62780d0,0x00000000d6280000)
  to   space 5632K, 0% used [0x00000000d5c00000,0x00000000d5c00000,0x00000000d6180000)
 ParOldGen       total 678912K, used 279600K [0x0000000080000000, 0x00000000a9700000, 0x00000000d5580000)
  object space 678912K, 41% used [0x0000000080000000,0x000000009110c2e0,0x00000000a9700000)
 Metaspace       used 82961K, committed 84672K, reserved 1179648K
  class space    used 8686K, committed 9408K, reserved 1048576K
}
Event: 6215.663 GC heap after
{Heap after GC invocations=965 (full 4):
 PSYoungGen      total 7680K, used 794K [0x00000000d5580000, 0x00000000d6200000, 0x0000000100000000)
  eden space 6656K, 0% used [0x00000000d5580000,0x00000000d5580000,0x00000000d5c00000)
  from space 1024K, 77% used [0x00000000d5c00000,0x00000000d5cc6928,0x00000000d5d00000)
  to   space 2560K, 0% used [0x00000000d5f80000,0x00000000d5f80000,0x00000000d6200000)
 ParOldGen       total 678912K, used 280595K [0x0000000080000000, 0x00000000a9700000, 0x00000000d5580000)
  object space 678912K, 41% used [0x0000000080000000,0x0000000091204c08,0x00000000a9700000)
 Metaspace       used 82961K, committed 84672K, reserved 1179648K
  class space    used 8686K, committed 9408K, reserved 1048576K
}
Event: 6217.035 GC heap before
{Heap before GC invocations=966 (full 4):
 PSYoungGen      total 7680K, used 7446K [0x00000000d5580000, 0x00000000d6200000, 0x0000000100000000)
  eden space 6656K, 99% used [0x00000000d5580000,0x00000000d5bfefd8,0x00000000d5c00000)
  from space 1024K, 77% used [0x00000000d5c00000,0x00000000d5cc6928,0x00000000d5d00000)
  to   space 2560K, 0% used [0x00000000d5f80000,0x00000000d5f80000,0x00000000d6200000)
 ParOldGen       total 678912K, used 280595K [0x0000000080000000, 0x00000000a9700000, 0x00000000d5580000)
  object space 678912K, 41% used [0x0000000080000000,0x0000000091204c08,0x00000000a9700000)
 Metaspace       used 82976K, committed 84672K, reserved 1179648K
  class space    used 8686K, committed 9408K, reserved 1048576K
}
Event: 6217.048 GC heap after
{Heap after GC invocations=966 (full 4):
 PSYoungGen      total 7680K, used 864K [0x00000000d5580000, 0x00000000d6080000, 0x0000000100000000)
  eden space 6656K, 0% used [0x00000000d5580000,0x00000000d5580000,0x00000000d5c00000)
  from space 1024K, 84% used [0x00000000d5f80000,0x00000000d6058000,0x00000000d6080000)
  to   space 1536K, 0% used [0x00000000d5d80000,0x00000000d5d80000,0x00000000d5f00000)
 ParOldGen       total 678912K, used 281313K [0x0000000080000000, 0x00000000a9700000, 0x00000000d5580000)
  object space 678912K, 41% used [0x0000000080000000,0x00000000912b8540,0x00000000a9700000)
 Metaspace       used 82976K, committed 84672K, reserved 1179648K
  class space    used 8686K, committed 9408K, reserved 1048576K
}
Event: 7099.469 GC heap before
{Heap before GC invocations=967 (full 4):
 PSYoungGen      total 7680K, used 7520K [0x00000000d5580000, 0x00000000d6080000, 0x0000000100000000)
  eden space 6656K, 100% used [0x00000000d5580000,0x00000000d5c00000,0x00000000d5c00000)
  from space 1024K, 84% used [0x00000000d5f80000,0x00000000d6058000,0x00000000d6080000)
  to   space 1536K, 0% used [0x00000000d5d80000,0x00000000d5d80000,0x00000000d5f00000)
 ParOldGen       total 678912K, used 281313K [0x0000000080000000, 0x00000000a9700000, 0x00000000d5580000)
  object space 678912K, 41% used [0x0000000080000000,0x00000000912b8540,0x00000000a9700000)
 Metaspace       used 83008K, committed 84736K, reserved 1179648K
  class space    used 8686K, committed 9408K, reserved 1048576K
}
Event: 7099.781 GC heap after
{Heap after GC invocations=967 (full 4):
 PSYoungGen      total 8192K, used 368K [0x00000000d5580000, 0x00000000d6000000, 0x0000000100000000)
  eden space 6656K, 0% used [0x00000000d5580000,0x00000000d5580000,0x00000000d5c00000)
  from space 1536K, 23% used [0x00000000d5d80000,0x00000000d5ddc050,0x00000000d5f00000)
  to   space 1024K, 0% used [0x00000000d5f00000,0x00000000d5f00000,0x00000000d6000000)
 ParOldGen       total 678912K, used 282043K [0x0000000080000000, 0x00000000a9700000, 0x00000000d5580000)
  object space 678912K, 41% used [0x0000000080000000,0x000000009136ee30,0x00000000a9700000)
 Metaspace       used 83008K, committed 84736K, reserved 1179648K
  class space    used 8686K, committed 9408K, reserved 1048576K
}
Event: 7741.731 GC heap before
{Heap before GC invocations=968 (full 4):
 PSYoungGen      total 8192K, used 7024K [0x00000000d5580000, 0x00000000d6000000, 0x0000000100000000)
  eden space 6656K, 100% used [0x00000000d5580000,0x00000000d5c00000,0x00000000d5c00000)
  from space 1536K, 23% used [0x00000000d5d80000,0x00000000d5ddc050,0x00000000d5f00000)
  to   space 1024K, 0% used [0x00000000d5f00000,0x00000000d5f00000,0x00000000d6000000)
 ParOldGen       total 678912K, used 282043K [0x0000000080000000, 0x00000000a9700000, 0x00000000d5580000)
  object space 678912K, 41% used [0x0000000080000000,0x000000009136ee30,0x00000000a9700000)
 Metaspace       used 83026K, committed 84736K, reserved 1179648K
  class space    used 8686K, committed 9408K, reserved 1048576K
}
Event: 7742.043 GC heap after
{Heap after GC invocations=968 (full 4):
 PSYoungGen      total 7680K, used 1024K [0x00000000d5580000, 0x00000000d6000000, 0x0000000100000000)
  eden space 6656K, 0% used [0x00000000d5580000,0x00000000d5580000,0x00000000d5c00000)
  from space 1024K, 100% used [0x00000000d5f00000,0x00000000d6000000,0x00000000d6000000)
  to   space 1536K, 0% used [0x00000000d5d00000,0x00000000d5d00000,0x00000000d5e80000)
 ParOldGen       total 678912K, used 282155K [0x0000000080000000, 0x00000000a9700000, 0x00000000d5580000)
  object space 678912K, 41% used [0x0000000080000000,0x000000009138aeb8,0x00000000a9700000)
 Metaspace       used 83026K, committed 84736K, reserved 1179648K
  class space    used 8686K, committed 9408K, reserved 1048576K
}

Dll operation events (14 events):
Event: 0.024 Loaded shared library c:\Users\TOSHIBA\.vscode\extensions\redhat.java-1.54.0-win32-x64\jre\21.0.10-win32-x86_64\bin\java.dll
Event: 0.408 Loaded shared library c:\Users\TOSHIBA\.vscode\extensions\redhat.java-1.54.0-win32-x64\jre\21.0.10-win32-x86_64\bin\zip.dll
Event: 0.544 Loaded shared library C:\Users\TOSHIBA\.vscode\extensions\redhat.java-1.54.0-win32-x64\jre\21.0.10-win32-x86_64\bin\instrument.dll
Event: 0.755 Loaded shared library C:\Users\TOSHIBA\.vscode\extensions\redhat.java-1.54.0-win32-x64\jre\21.0.10-win32-x86_64\bin\net.dll
Event: 0.936 Loaded shared library C:\Users\TOSHIBA\.vscode\extensions\redhat.java-1.54.0-win32-x64\jre\21.0.10-win32-x86_64\bin\nio.dll
Event: 0.957 Loaded shared library C:\Users\TOSHIBA\.vscode\extensions\redhat.java-1.54.0-win32-x64\jre\21.0.10-win32-x86_64\bin\zip.dll
Event: 1.027 Loaded shared library C:\Users\TOSHIBA\.vscode\extensions\redhat.java-1.54.0-win32-x64\jre\21.0.10-win32-x86_64\bin\jimage.dll
Event: 1.589 Loaded shared library c:\Users\TOSHIBA\.vscode\extensions\redhat.java-1.54.0-win32-x64\jre\21.0.10-win32-x86_64\bin\verify.dll
Event: 30.304 Loaded shared library C:\Users\TOSHIBA\AppData\Roaming\Code\User\globalStorage\redhat.java\1.54.0\config_win\org.eclipse.equinox.launcher\org.eclipse.equinox.launcher.win32.win32.x86_64_1.3.0.v20260203-2149\eclipse_11919.dll
Event: 63.519 Loaded shared library C:\Users\TOSHIBA\.vscode\extensions\redhat.java-1.54.0-win32-x64\jre\21.0.10-win32-x86_64\bin\management.dll
Event: 63.529 Loaded shared library C:\Users\TOSHIBA\.vscode\extensions\redhat.java-1.54.0-win32-x64\jre\21.0.10-win32-x86_64\bin\management_ext.dll
Event: 69.468 Loaded shared library C:\Users\TOSHIBA\AppData\Local\Temp\jna--418529736\jna960055622313727587.dll
Event: 70.384 Loaded shared library C:\Users\TOSHIBA\.vscode\extensions\redhat.java-1.54.0-win32-x64\jre\21.0.10-win32-x86_64\bin\sunmscapi.dll
Event: 71.975 Loaded shared library C:\Users\TOSHIBA\.vscode\extensions\redhat.java-1.54.0-win32-x64\jre\21.0.10-win32-x86_64\bin\extnet.dll

Deoptimization events (20 events):
Event: 6180.328 Thread 0x000001f2d566b010 DEOPT PACKING pc=0x000001f281fefd8d sp=0x000000122ebfde50
Event: 6180.338 Thread 0x000001f2d566b010 DEOPT UNPACKING pc=0x000001f287584242 sp=0x000000122ebfd320 mode 0
Event: 6181.397 Thread 0x000001f2d5672630 Uncommon trap: trap_request=0xffffff45 fr.pc=0x000001f2881fc7d0 relative=0x0000000000000550
Event: 6181.397 Thread 0x000001f2d5672630 Uncommon trap: reason=unstable_if action=reinterpret pc=0x000001f2881fc7d0 method=org.eclipse.jdt.internal.compiler.lookup.TypeSystem.getUnannotatedType(Lorg/eclipse/jdt/internal/compiler/lookup/TypeBinding;)Lorg/eclipse/jdt/internal/compiler/lookup/TypeB
Event: 6181.397 Thread 0x000001f2d5672630 DEOPT PACKING pc=0x000001f2881fc7d0 sp=0x00000012304fdc80
Event: 6181.398 Thread 0x000001f2d5672630 DEOPT UNPACKING pc=0x000001f287583aa2 sp=0x00000012304fdc08 mode 2
Event: 6181.434 Thread 0x000001f2d5672630 Uncommon trap: trap_request=0xffffff6e fr.pc=0x000001f287c1ac34 relative=0x0000000000000514
Event: 6181.434 Thread 0x000001f2d5672630 Uncommon trap: reason=loop_limit_check action=maybe_recompile pc=0x000001f287c1ac34 method=org.eclipse.jdt.internal.compiler.lookup.BinaryTypeBinding.superInterfaces()[Lorg/eclipse/jdt/internal/compiler/lookup/ReferenceBinding; @ 266 c2
Event: 6181.434 Thread 0x000001f2d5672630 DEOPT PACKING pc=0x000001f287c1ac34 sp=0x00000012304fd4b0
Event: 6181.434 Thread 0x000001f2d5672630 DEOPT UNPACKING pc=0x000001f287583aa2 sp=0x00000012304fd448 mode 2
Event: 6181.659 Thread 0x000001f2d566f1b0 Uncommon trap: trap_request=0xffffff45 fr.pc=0x000001f2887c3034 relative=0x0000000000000ff4
Event: 6181.659 Thread 0x000001f2d566f1b0 Uncommon trap: reason=unstable_if action=reinterpret pc=0x000001f2887c3034 method=org.eclipse.jdt.internal.compiler.lookup.TypeSystem.getArrayType(Lorg/eclipse/jdt/internal/compiler/lookup/TypeBinding;I)Lorg/eclipse/jdt/internal/compiler/lookup/ArrayBindi
Event: 6181.659 Thread 0x000001f2d566f1b0 DEOPT PACKING pc=0x000001f2887c3034 sp=0x0000001230bfe250
Event: 6181.660 Thread 0x000001f2d566f1b0 DEOPT UNPACKING pc=0x000001f287583aa2 sp=0x0000001230bfe200 mode 2
Event: 6182.211 Thread 0x000001f2d566f1b0 Uncommon trap: trap_request=0xffffff6e fr.pc=0x000001f287d5f25c relative=0x000000000000017c
Event: 6182.211 Thread 0x000001f2d566f1b0 Uncommon trap: reason=loop_limit_check action=maybe_recompile pc=0x000001f287d5f25c method=org.eclipse.jdt.internal.compiler.lookup.BinaryTypeBinding.resolveTypesFor(Lorg/eclipse/jdt/internal/compiler/lookup/MethodBinding;)Lorg/eclipse/jdt/internal/compil
Event: 6182.211 Thread 0x000001f2d566f1b0 DEOPT PACKING pc=0x000001f287d5f25c sp=0x0000001230bfe450
Event: 6182.214 Thread 0x000001f2d566f1b0 DEOPT UNPACKING pc=0x000001f287583aa2 sp=0x0000001230bfe3d8 mode 2
Event: 6215.713 Thread 0x000001f2d566b010 DEOPT PACKING pc=0x000001f281e1c821 sp=0x000000122ebfdd30
Event: 6215.713 Thread 0x000001f2d566b010 DEOPT UNPACKING pc=0x000001f287584242 sp=0x000000122ebfd208 mode 0

Classes loaded (20 events):
Event: 1410.675 Loading class sun/security/ssl/NewSessionTicket$T13NewSessionTicketMessage
Event: 1410.676 Loading class sun/security/ssl/NewSessionTicket$T13NewSessionTicketMessage done
Event: 1411.218 Loading class sun/security/ssl/PreSharedKeyExtension$PskIdentity
Event: 1411.218 Loading class sun/security/ssl/PreSharedKeyExtension$PskIdentity done
Event: 1411.220 Loading class sun/security/ssl/PreSharedKeyExtension$CHPreSharedKeySpec
Event: 1411.221 Loading class sun/security/ssl/PreSharedKeyExtension$CHPreSharedKeySpec done
Event: 1411.221 Loading class sun/security/ssl/PreSharedKeyExtension$PartialClientHelloMessage
Event: 1411.221 Loading class sun/security/ssl/PreSharedKeyExtension$PartialClientHelloMessage done
Event: 1411.221 Loading class sun/security/ssl/SSLEngineOutputRecord
Event: 1411.223 Loading class sun/security/ssl/SSLEngineOutputRecord done
Event: 1411.225 Loading class sun/security/ssl/SSLEngineOutputRecord$HandshakeFragment
Event: 1411.226 Loading class sun/security/ssl/SSLEngineOutputRecord$HandshakeFragment done
Event: 1411.226 Loading class sun/security/ssl/SSLEngineOutputRecord$HandshakeMemo
Event: 1411.226 Loading class sun/security/ssl/SSLEngineOutputRecord$RecordMemo
Event: 1411.227 Loading class sun/security/ssl/SSLEngineOutputRecord$RecordMemo done
Event: 1411.227 Loading class sun/security/ssl/SSLEngineOutputRecord$HandshakeMemo done
Event: 1411.345 Loading class sun/security/ssl/PreSharedKeyExtension$SHPreSharedKeySpec
Event: 1411.345 Loading class sun/security/ssl/PreSharedKeyExtension$SHPreSharedKeySpec done
Event: 1677.146 Loading class java/util/Collections$EmptyListIterator
Event: 1677.148 Loading class java/util/Collections$EmptyListIterator done

Classes unloaded (20 events):
Event: 65.057 Thread 0x000001f2f0bf0bc0 Unloading class 0x000001f2901ae800 'java/lang/invoke/LambdaForm$DMH+0x000001f2901ae800'
Event: 69.941 Thread 0x000001f2f0bf0bc0 Unloading class 0x000001f2902e0800 'java/lang/invoke/LambdaForm$MH+0x000001f2902e0800'
Event: 69.941 Thread 0x000001f2f0bf0bc0 Unloading class 0x000001f2902e0000 'java/lang/invoke/LambdaForm$MH+0x000001f2902e0000'
Event: 69.941 Thread 0x000001f2f0bf0bc0 Unloading class 0x000001f2902db800 'java/lang/invoke/LambdaForm$MH+0x000001f2902db800'
Event: 69.941 Thread 0x000001f2f0bf0bc0 Unloading class 0x000001f2902db000 'java/lang/invoke/LambdaForm$MH+0x000001f2902db000'
Event: 69.941 Thread 0x000001f2f0bf0bc0 Unloading class 0x000001f2902d2000 'java/lang/invoke/LambdaForm$MH+0x000001f2902d2000'
Event: 69.941 Thread 0x000001f2f0bf0bc0 Unloading class 0x000001f2902d1800 'java/lang/invoke/LambdaForm$MH+0x000001f2902d1800'
Event: 69.941 Thread 0x000001f2f0bf0bc0 Unloading class 0x000001f2902d1000 'java/lang/invoke/LambdaForm$MH+0x000001f2902d1000'
Event: 1632.920 Thread 0x000001f2f0bf0bc0 Unloading class 0x000001f2906d3400 'java/lang/invoke/LambdaForm$MH+0x000001f2906d3400'
Event: 1632.920 Thread 0x000001f2f0bf0bc0 Unloading class 0x000001f2906d3000 'java/lang/invoke/LambdaForm$MH+0x000001f2906d3000'
Event: 1632.920 Thread 0x000001f2f0bf0bc0 Unloading class 0x000001f2906d2c00 'java/lang/invoke/LambdaForm$MH+0x000001f2906d2c00'
Event: 1632.920 Thread 0x000001f2f0bf0bc0 Unloading class 0x000001f2906d2400 'java/lang/invoke/LambdaForm$MH+0x000001f2906d2400'
Event: 1632.920 Thread 0x000001f2f0bf0bc0 Unloading class 0x000001f2906d1c00 'java/lang/invoke/LambdaForm$MH+0x000001f2906d1c00'
Event: 1632.920 Thread 0x000001f2f0bf0bc0 Unloading class 0x000001f2906d2000 'java/lang/invoke/LambdaForm$MH+0x000001f2906d2000'
Event: 1632.921 Thread 0x000001f2f0bf0bc0 Unloading class 0x000001f2906d1400 'java/lang/invoke/LambdaForm$MH+0x000001f2906d1400'
Event: 1632.921 Thread 0x000001f2f0bf0bc0 Unloading class 0x000001f2906d0c00 'java/lang/invoke/LambdaForm$MH+0x000001f2906d0c00'
Event: 1632.921 Thread 0x000001f2f0bf0bc0 Unloading class 0x000001f2906d1000 'java/lang/invoke/LambdaForm$MH+0x000001f2906d1000'
Event: 1632.921 Thread 0x000001f2f0bf0bc0 Unloading class 0x000001f2906d0400 'java/lang/invoke/LambdaForm$MH+0x000001f2906d0400'
Event: 1632.921 Thread 0x000001f2f0bf0bc0 Unloading class 0x000001f2906d0000 'java/lang/invoke/LambdaForm$MH+0x000001f2906d0000'
Event: 1632.921 Thread 0x000001f2f0bf0bc0 Unloading class 0x000001f2906c8400 'java/lang/invoke/LambdaForm$MH+0x000001f2906c8400'

Classes redefined (0 events):
No events

Internal exceptions (20 events):
Event: 1573.204 Thread 0x000001f2d5671910 Exception <a 'sun/nio/fs/WindowsException'{0x00000000d56fa148}> (0x00000000d56fa148) 
thrown [s\src\hotspot\share\prims\jni.cpp, line 520]
Event: 1573.204 Thread 0x000001f2d5671910 Exception <a 'sun/nio/fs/WindowsException'{0x00000000d56faa38}> (0x00000000d56faa38) 
thrown [s\src\hotspot\share\prims\jni.cpp, line 520]
Event: 1604.115 Thread 0x000001f2d63d44b0 Exception <a 'sun/nio/fs/WindowsException'{0x00000000d55d3f00}> (0x00000000d55d3f00) 
thrown [s\src\hotspot\share\prims\jni.cpp, line 520]
Event: 1604.359 Thread 0x000001f2d63d44b0 Exception <a 'sun/nio/fs/WindowsException'{0x00000000d5624f18}> (0x00000000d5624f18) 
thrown [s\src\hotspot\share\prims\jni.cpp, line 520]
Event: 1626.251 Thread 0x000001f2d63d44b0 Exception <a 'sun/nio/fs/WindowsException'{0x00000000d56eec68}> (0x00000000d56eec68) 
thrown [s\src\hotspot\share\prims\jni.cpp, line 520]
Event: 1626.539 Thread 0x000001f2d63d44b0 Exception <a 'sun/nio/fs/WindowsException'{0x00000000d5752408}> (0x00000000d5752408) 
thrown [s\src\hotspot\share\prims\jni.cpp, line 520]
Event: 1630.804 Thread 0x000001f2d566e490 Exception <a 'java/lang/NoSuchMethodError'{0x00000000d564f4c0}: 'int java.lang.invoke.DirectMethodHandle$Holder.invokeVirtual(java.lang.Object, java.lang.Object, java.lang.Object, int)'> (0x00000000d564f4c0) 
thrown [s\src\hotspot\share\interpreter\linkResolver.cpp, line 773]
Event: 1630.808 Thread 0x000001f2d566e490 Implicit null exception at 0x000001f288677ab6 to 0x000001f288678568
Event: 1636.195 Thread 0x000001f2d63d44b0 Exception <a 'sun/nio/fs/WindowsException'{0x00000000d5611290}> (0x00000000d5611290) 
thrown [s\src\hotspot\share\prims\jni.cpp, line 520]
Event: 1636.469 Thread 0x000001f2d63d44b0 Exception <a 'sun/nio/fs/WindowsException'{0x00000000d57ef180}> (0x00000000d57ef180) 
thrown [s\src\hotspot\share\prims\jni.cpp, line 520]
Event: 1677.189 Thread 0x000001f2d566e490 Implicit null exception at 0x000001f281e202cd to 0x000001f281e203e8
Event: 1677.191 Thread 0x000001f2d566e490 Exception <a 'java/lang/NullPointerException'{0x00000000d574e9f0}> (0x00000000d574e9f0) 
thrown [s\src\hotspot\share\runtime\sharedRuntime.cpp, line 625]
Event: 1677.372 Thread 0x000001f2d566eb20 Exception <a 'sun/nio/fs/WindowsException'{0x00000000d5673608}> (0x00000000d5673608) 
thrown [s\src\hotspot\share\prims\jni.cpp, line 520]
Event: 1677.372 Thread 0x000001f2d566eb20 Exception <a 'sun/nio/fs/WindowsException'{0x00000000d5673ef8}> (0x00000000d5673ef8) 
thrown [s\src\hotspot\share\prims\jni.cpp, line 520]
Event: 2179.823 Thread 0x000001f2d566bd30 Implicit null exception at 0x000001f28844b0b9 to 0x000001f28844b258
Event: 2179.832 Thread 0x000001f2d566bd30 Implicit null exception at 0x000001f28837d464 to 0x000001f28837d603
Event: 2182.720 Thread 0x000001f2d63d44b0 Exception <a 'sun/nio/fs/WindowsException'{0x00000000d5d443e0}> (0x00000000d5d443e0) 
thrown [s\src\hotspot\share\prims\jni.cpp, line 520]
Event: 2183.341 Thread 0x000001f2d63d44b0 Exception <a 'sun/nio/fs/WindowsException'{0x00000000d5a459b0}> (0x00000000d5a459b0) 
thrown [s\src\hotspot\share\prims\jni.cpp, line 520]
Event: 6184.377 Thread 0x000001f2d63d44b0 Exception <a 'sun/nio/fs/WindowsException'{0x00000000d59a3f80}> (0x00000000d59a3f80) 
thrown [s\src\hotspot\share\prims\jni.cpp, line 520]
Event: 6190.829 Thread 0x000001f2d63d44b0 Exception <a 'sun/nio/fs/WindowsException'{0x00000000d57a2970}> (0x00000000d57a2970) 
thrown [s\src\hotspot\share\prims\jni.cpp, line 520]

ZGC Phase Switch (0 events):
No events

VM Operations (20 events):
Event: 7095.526 Executing non-safepoint VM operation: RendezvousGCThreads
Event: 7095.526 Executing non-safepoint VM operation: RendezvousGCThreads done
Event: 7099.468 Executing safepoint VM operation: ParallelGCFailedAllocation (Allocation Failure)
Event: 7099.781 Executing safepoint VM operation: ParallelGCFailedAllocation (Allocation Failure) done
Event: 7100.791 Executing safepoint VM operation: Cleanup
Event: 7100.791 Executing safepoint VM operation: Cleanup done
Event: 7155.743 Executing non-safepoint VM operation: HandshakeAllThreads (HandshakeForDeflation)
Event: 7155.749 Executing non-safepoint VM operation: HandshakeAllThreads (HandshakeForDeflation) done
Event: 7155.749 Executing non-safepoint VM operation: RendezvousGCThreads
Event: 7155.749 Executing non-safepoint VM operation: RendezvousGCThreads done
Event: 7576.442 Executing non-safepoint VM operation: HandshakeAllThreads (HandshakeForDeflation)
Event: 7576.447 Executing non-safepoint VM operation: HandshakeAllThreads (HandshakeForDeflation) done
Event: 7576.447 Executing non-safepoint VM operation: RendezvousGCThreads
Event: 7576.447 Executing non-safepoint VM operation: RendezvousGCThreads done
Event: 7741.726 Executing safepoint VM operation: ParallelGCFailedAllocation (Allocation Failure)
Event: 7742.043 Executing safepoint VM operation: ParallelGCFailedAllocation (Allocation Failure) done
Event: 7877.230 Executing non-safepoint VM operation: HandshakeAllThreads (HandshakeForDeflation)
Event: 7877.232 Executing non-safepoint VM operation: HandshakeAllThreads (HandshakeForDeflation) done
Event: 7877.232 Executing non-safepoint VM operation: RendezvousGCThreads
Event: 7877.232 Executing non-safepoint VM operation: RendezvousGCThreads done

Memory protections (0 events):
No events

Nmethod flushes (20 events):
Event: 1634.041 Thread 0x000001f2f0bf0bc0 flushing  nmethod 0x000001f2811aa710
Event: 1634.041 Thread 0x000001f2f0bf0bc0 flushing  nmethod 0x000001f2811acb10
Event: 1634.041 Thread 0x000001f2f0bf0bc0 flushing  nmethod 0x000001f2811ae090
Event: 1634.041 Thread 0x000001f2f0bf0bc0 flushing  nmethod 0x000001f2811ae910
Event: 1634.041 Thread 0x000001f2f0bf0bc0 flushing  nmethod 0x000001f2811af510
Event: 1634.042 Thread 0x000001f2f0bf0bc0 flushing osr nmethod 0x000001f2811b1110
Event: 1634.042 Thread 0x000001f2f0bf0bc0 flushing  nmethod 0x000001f2811b3710
Event: 1634.042 Thread 0x000001f2f0bf0bc0 flushing  nmethod 0x000001f2811b4910
Event: 1634.042 Thread 0x000001f2f0bf0bc0 flushing  nmethod 0x000001f2811b6010
Event: 1634.042 Thread 0x000001f2f0bf0bc0 flushing  nmethod 0x000001f2811b7390
Event: 1634.042 Thread 0x000001f2f0bf0bc0 flushing  nmethod 0x000001f2811b7f10
Event: 1634.042 Thread 0x000001f2f0bf0bc0 flushing  nmethod 0x000001f2811b8910
Event: 1634.042 Thread 0x000001f2f0bf0bc0 flushing  nmethod 0x000001f2811b9010
Event: 1634.042 Thread 0x000001f2f0bf0bc0 flushing  nmethod 0x000001f2811c0390
Event: 1634.042 Thread 0x000001f2f0bf0bc0 flushing  nmethod 0x000001f2811c1a90
Event: 1634.042 Thread 0x000001f2f0bf0bc0 flushing  nmethod 0x000001f2811c2a90
Event: 1634.042 Thread 0x000001f2f0bf0bc0 flushing  nmethod 0x000001f2811c3d90
Event: 1634.042 Thread 0x000001f2f0bf0bc0 flushing  nmethod 0x000001f2811c5290
Event: 1634.042 Thread 0x000001f2f0bf0bc0 flushing  nmethod 0x000001f2811cb390
Event: 1634.042 Thread 0x000001f2f0bf0bc0 flushing  nmethod 0x000001f2811d1390

Events (20 events):
Event: 6176.347 Thread 0x000001f2d566d0e0 Thread added: 0x000001f2d566eb20
Event: 6180.858 Thread 0x000001f2d566d0e0 Thread added: 0x000001f2d5671910
Event: 6181.283 Thread 0x000001f2d566d0e0 Thread added: 0x000001f2d566f1b0
Event: 6212.533 Thread 0x000001f2d4b4c770 Thread added: 0x000001f2d6437560
Event: 6242.443 Thread 0x000001f2d566f1b0 Thread exited: 0x000001f2d566f1b0
Event: 6272.314 Thread 0x000001f2d5672630 Thread exited: 0x000001f2d5672630
Event: 6273.416 Thread 0x000001f2d566eb20 Thread exited: 0x000001f2d566eb20
Event: 6276.089 Thread 0x000001f2d566b010 Thread exited: 0x000001f2d566b010
Event: 6277.024 Thread 0x000001f2d566d0e0 Thread exited: 0x000001f2d566d0e0
Event: 6336.109 Thread 0x000001f2d566bd30 Thread exited: 0x000001f2d566bd30
Event: 6396.179 Thread 0x000001f2d6437560 Thread exited: 0x000001f2d6437560
Event: 6474.537 Thread 0x000001f2d4b4e1b0 Thread added: 0x000001f2d64312f0
Event: 6474.681 Thread 0x000001f2d64312f0 Thread exited: 0x000001f2d64312f0
Event: 6475.148 Thread 0x000001f2d4b4e1b0 Thread added: 0x000001f2d64312f0
Event: 6475.198 Thread 0x000001f2d64312f0 Thread exited: 0x000001f2d64312f0
Event: 6481.045 Thread 0x000001f2d5671910 Thread exited: 0x000001f2d5671910
Event: 7096.435 Thread 0x000001f2d4b4c770 Thread added: 0x000001f2d6437560
Event: 7096.771 Thread 0x000001f2d6437560 Thread added: 0x000001f2d64312f0
Event: 7161.000 Thread 0x000001f2d64312f0 Thread exited: 0x000001f2d64312f0
Event: 7221.011 Thread 0x000001f2d6437560 Thread exited: 0x000001f2d6437560


Dynamic libraries:
0x00007ff682d00000 - 0x00007ff682d0e000 	c:\Users\TOSHIBA\.vscode\extensions\redhat.java-1.54.0-win32-x64\jre\21.0.10-win32-x86_64\bin\java.exe
0x00007ffb10510000 - 0x00007ffb10708000 	C:\Windows\SYSTEM32\ntdll.dll
0x00007ffb0f9f0000 - 0x00007ffb0fab2000 	C:\Windows\System32\KERNEL32.DLL
0x00007ffb0de30000 - 0x00007ffb0e126000 	C:\Windows\System32\KERNELBASE.dll
0x00007ffb0e250000 - 0x00007ffb0e350000 	C:\Windows\System32\ucrtbase.dll
0x00007ffaf66f0000 - 0x00007ffaf6708000 	c:\Users\TOSHIBA\.vscode\extensions\redhat.java-1.54.0-win32-x64\jre\21.0.10-win32-x86_64\bin\jli.dll
0x00007ffb0fb70000 - 0x00007ffb0fd11000 	C:\Windows\System32\USER32.dll
0x00007ffb0dbf0000 - 0x00007ffb0dc12000 	C:\Windows\System32\win32u.dll
0x00007ffb0ed70000 - 0x00007ffb0ed9b000 	C:\Windows\System32\GDI32.dll
0x00007ffb0e3e0000 - 0x00007ffb0e4f9000 	C:\Windows\System32\gdi32full.dll
0x00007ffb0e130000 - 0x00007ffb0e1cd000 	C:\Windows\System32\msvcp_win.dll
0x00007ffafd610000 - 0x00007ffafd8ab000 	C:\Windows\WinSxS\amd64_microsoft.windows.common-controls_6595b64144ccf1df_6.0.19041.6456_none_60b8a6cb71f64256\COMCTL32.dll
0x00007ffaf7c20000 - 0x00007ffaf7c3e000 	c:\Users\TOSHIBA\.vscode\extensions\redhat.java-1.54.0-win32-x64\jre\21.0.10-win32-x86_64\bin\VCRUNTIME140.dll
0x00007ffb0f1c0000 - 0x00007ffb0f25e000 	C:\Windows\System32\msvcrt.dll
0x00007ffb0eb90000 - 0x00007ffb0ebbf000 	C:\Windows\System32\IMM32.DLL
0x00007ffafbcf0000 - 0x00007ffafbcfc000 	c:\Users\TOSHIBA\.vscode\extensions\redhat.java-1.54.0-win32-x64\jre\21.0.10-win32-x86_64\bin\vcruntime140_1.dll
0x00007ffadc880000 - 0x00007ffadc90d000 	c:\Users\TOSHIBA\.vscode\extensions\redhat.java-1.54.0-win32-x64\jre\21.0.10-win32-x86_64\bin\msvcp140.dll
0x00007ffa59dc0000 - 0x00007ffa5ab61000 	c:\Users\TOSHIBA\.vscode\extensions\redhat.java-1.54.0-win32-x64\jre\21.0.10-win32-x86_64\bin\server\jvm.dll
0x00007ffb0efd0000 - 0x00007ffb0f081000 	C:\Windows\System32\ADVAPI32.dll
0x00007ffb10430000 - 0x00007ffb104cf000 	C:\Windows\System32\sechost.dll
0x00007ffb0e530000 - 0x00007ffb0e650000 	C:\Windows\System32\RPCRT4.dll
0x00007ffb0e500000 - 0x00007ffb0e527000 	C:\Windows\System32\bcrypt.dll
0x00007ffb0e9b0000 - 0x00007ffb0ea1b000 	C:\Windows\System32\WS2_32.dll
0x00007ffb0da00000 - 0x00007ffb0da4b000 	C:\Windows\SYSTEM32\POWRPROF.dll
0x00007ffafdfe0000 - 0x00007ffafe007000 	C:\Windows\SYSTEM32\WINMM.dll
0x00007ffafd8f0000 - 0x00007ffafd8fa000 	C:\Windows\SYSTEM32\VERSION.dll
0x00007ffb0d9e0000 - 0x00007ffb0d9f2000 	C:\Windows\SYSTEM32\UMPDC.dll
0x00007ffb0b930000 - 0x00007ffb0b942000 	C:\Windows\SYSTEM32\kernel.appcore.dll
0x00007ffafadf0000 - 0x00007ffafadfa000 	c:\Users\TOSHIBA\.vscode\extensions\redhat.java-1.54.0-win32-x64\jre\21.0.10-win32-x86_64\bin\jimage.dll
0x00007ffafd960000 - 0x00007ffafdb61000 	C:\Windows\SYSTEM32\DBGHELP.DLL
0x00007ffafc2d0000 - 0x00007ffafc304000 	C:\Windows\SYSTEM32\dbgcore.DLL
0x00007ffb0e350000 - 0x00007ffb0e3d2000 	C:\Windows\System32\bcryptPrimitives.dll
0x00007ffaf9340000 - 0x00007ffaf934f000 	c:\Users\TOSHIBA\.vscode\extensions\redhat.java-1.54.0-win32-x64\jre\21.0.10-win32-x86_64\bin\instrument.dll
0x00007ffaf6670000 - 0x00007ffaf6690000 	c:\Users\TOSHIBA\.vscode\extensions\redhat.java-1.54.0-win32-x64\jre\21.0.10-win32-x86_64\bin\java.dll
0x00007ffb0f270000 - 0x00007ffb0f9e0000 	C:\Windows\System32\SHELL32.dll
0x00007ffb0bc10000 - 0x00007ffb0c3b5000 	C:\Windows\SYSTEM32\windows.storage.dll
0x00007ffb0e650000 - 0x00007ffb0e9a4000 	C:\Windows\System32\combase.dll
0x00007ffb0d4f0000 - 0x00007ffb0d51b000 	C:\Windows\SYSTEM32\Wldp.dll
0x00007ffb0fe50000 - 0x00007ffb0ff1d000 	C:\Windows\System32\OLEAUT32.dll
0x00007ffb0ea80000 - 0x00007ffb0eb2d000 	C:\Windows\System32\SHCORE.dll
0x00007ffb0eb30000 - 0x00007ffb0eb8b000 	C:\Windows\System32\shlwapi.dll
0x00007ffb0dad0000 - 0x00007ffb0daf4000 	C:\Windows\SYSTEM32\profapi.dll
0x00007ffaf9100000 - 0x00007ffaf9118000 	c:\Users\TOSHIBA\.vscode\extensions\redhat.java-1.54.0-win32-x64\jre\21.0.10-win32-x86_64\bin\zip.dll
0x00007ffaf90f0000 - 0x00007ffaf9100000 	C:\Users\TOSHIBA\.vscode\extensions\redhat.java-1.54.0-win32-x64\jre\21.0.10-win32-x86_64\bin\net.dll
0x00007ffb045d0000 - 0x00007ffb046da000 	C:\Windows\SYSTEM32\WINHTTP.dll
0x00007ffb0d250000 - 0x00007ffb0d2ba000 	C:\Windows\system32\mswsock.dll
0x00007ffaf4e60000 - 0x00007ffaf4e76000 	C:\Users\TOSHIBA\.vscode\extensions\redhat.java-1.54.0-win32-x64\jre\21.0.10-win32-x86_64\bin\nio.dll
0x00007ffaf90e0000 - 0x00007ffaf90f0000 	c:\Users\TOSHIBA\.vscode\extensions\redhat.java-1.54.0-win32-x64\jre\21.0.10-win32-x86_64\bin\verify.dll
0x00007ffae5250000 - 0x00007ffae5295000 	C:\Users\TOSHIBA\AppData\Roaming\Code\User\globalStorage\redhat.java\1.54.0\config_win\org.eclipse.equinox.launcher\org.eclipse.equinox.launcher.win32.win32.x86_64_1.3.0.v20260203-2149\eclipse_11919.dll
0x00007ffb0fd20000 - 0x00007ffb0fe4b000 	C:\Windows\System32\ole32.dll
0x00007ffafbc60000 - 0x00007ffafbc6a000 	C:\Users\TOSHIBA\.vscode\extensions\redhat.java-1.54.0-win32-x64\jre\21.0.10-win32-x86_64\bin\management.dll
0x00007ffaf89b0000 - 0x00007ffaf89bc000 	C:\Users\TOSHIBA\.vscode\extensions\redhat.java-1.54.0-win32-x64\jre\21.0.10-win32-x86_64\bin\management_ext.dll
0x00007ffb0f1b0000 - 0x00007ffb0f1b8000 	C:\Windows\System32\PSAPI.DLL
0x00007ffb0d450000 - 0x00007ffb0d468000 	C:\Windows\SYSTEM32\CRYPTSP.dll
0x00007ffb0cb70000 - 0x00007ffb0cba8000 	C:\Windows\system32\rsaenh.dll
0x00007ffb0da90000 - 0x00007ffb0dabe000 	C:\Windows\SYSTEM32\USERENV.dll
0x00007ffb0d440000 - 0x00007ffb0d44c000 	C:\Windows\SYSTEM32\CRYPTBASE.dll
0x00007ffb0cf30000 - 0x00007ffb0cf6b000 	C:\Windows\SYSTEM32\IPHLPAPI.DLL
0x00007ffb0f9e0000 - 0x00007ffb0f9e8000 	C:\Windows\System32\NSI.dll
0x00007ffae1170000 - 0x00007ffae11b9000 	C:\Users\TOSHIBA\AppData\Local\Temp\jna--418529736\jna960055622313727587.dll
0x00007ffb06190000 - 0x00007ffb061a7000 	C:\Windows\SYSTEM32\dhcpcsvc6.DLL
0x00007ffb060b0000 - 0x00007ffb060cd000 	C:\Windows\SYSTEM32\dhcpcsvc.DLL
0x00007ffaf7a30000 - 0x00007ffaf7a3e000 	C:\Users\TOSHIBA\.vscode\extensions\redhat.java-1.54.0-win32-x64\jre\21.0.10-win32-x86_64\bin\sunmscapi.dll
0x00007ffb0dcd0000 - 0x00007ffb0de2d000 	C:\Windows\System32\CRYPT32.dll
0x00007ffb0d560000 - 0x00007ffb0d587000 	C:\Windows\SYSTEM32\ncrypt.dll
0x00007ffb0d520000 - 0x00007ffb0d55b000 	C:\Windows\SYSTEM32\NTASN1.dll
0x00007ffb0cf70000 - 0x00007ffb0d03a000 	C:\Windows\SYSTEM32\DNSAPI.dll
0x00007ffb021b0000 - 0x00007ffb021ba000 	C:\Windows\System32\rasadhlp.dll
0x00007ffb021f0000 - 0x00007ffb02270000 	C:\Windows\System32\fwpuclnt.dll
0x00007ffaf7d50000 - 0x00007ffaf7d59000 	C:\Users\TOSHIBA\.vscode\extensions\redhat.java-1.54.0-win32-x64\jre\21.0.10-win32-x86_64\bin\extnet.dll

JVMTI agents:
c:\Users\TOSHIBA\.vscode\extensions\redhat.java-1.54.0-win32-x64\lombok\lombok-1.18.39-4050.jar path:c:\Users\TOSHIBA\.vscode\extensions\redhat.java-1.54.0-win32-x64\jre\21.0.10-win32-x86_64\bin\instrument.dll, loaded, initialized, instrumentlib options:none

dbghelp: loaded successfully - version: 4.0.5 - missing functions: none
symbol engine: initialized successfully - sym options: 0x614 - pdb path: .;c:\Users\TOSHIBA\.vscode\extensions\redhat.java-1.54.0-win32-x64\jre\21.0.10-win32-x86_64\bin;C:\Windows\SYSTEM32;C:\Windows\WinSxS\amd64_microsoft.windows.common-controls_6595b64144ccf1df_6.0.19041.6456_none_60b8a6cb71f64256;c:\Users\TOSHIBA\.vscode\extensions\redhat.java-1.54.0-win32-x64\jre\21.0.10-win32-x86_64\bin\server;C:\Users\TOSHIBA\AppData\Roaming\Code\User\globalStorage\redhat.java\1.54.0\config_win\org.eclipse.equinox.launcher\org.eclipse.equinox.launcher.win32.win32.x86_64_1.3.0.v20260203-2149;C:\Users\TOSHIBA\AppData\Local\Temp\jna--418529736

VM Arguments:
jvm_args: --add-modules=ALL-SYSTEM --add-opens=java.base/java.util=ALL-UNNAMED --add-opens=java.base/java.lang=ALL-UNNAMED --add-opens=java.base/sun.nio.fs=ALL-UNNAMED -Declipse.application=org.eclipse.jdt.ls.core.id1 -Dosgi.bundles.defaultStartLevel=4 -Declipse.product=org.eclipse.jdt.ls.core.product -Djava.import.generatesMetadataFilesAtProjectRoot=false -DDetectVMInstallationsJob.disabled=true -Dfile.encoding=utf8 -XX:+UseParallelGC -XX:GCTimeRatio=4 -XX:AdaptiveSizePolicyWeight=90 -Dsun.zip.disableMemoryMapping=true -Xmx2G -Xms100m -Xlog:disable -javaagent:c:\Users\TOSHIBA\.vscode\extensions\redhat.java-1.54.0-win32-x64\lombok\lombok-1.18.39-4050.jar -XX:+HeapDumpOnOutOfMemoryError -XX:HeapDumpPath=c:\Users\TOSHIBA\AppData\Roaming\Code\User\workspaceStorage\83d2132ee87fe1e68620f36b23b40423\redhat.java -Daether.dependencyCollector.impl=bf 
java_command: c:\Users\TOSHIBA\.vscode\extensions\redhat.java-1.54.0-win32-x64\server\plugins\org.eclipse.equinox.launcher_1.7.100.v20251111-0406.jar -configuration c:\Users\TOSHIBA\AppData\Roaming\Code\User\globalStorage\redhat.java\1.54.0\config_win -data c:\Users\TOSHIBA\AppData\Roaming\Code\User\workspaceStorage\83d2132ee87fe1e68620f36b23b40423\redhat.java\jdt_ws --pipe=\\.\pipe\lsp-71394ad2c3cdd59e07eb9ba8d71ce454-sock
java_class_path (initial): c:\Users\TOSHIBA\.vscode\extensions\redhat.java-1.54.0-win32-x64\server\plugins\org.eclipse.equinox.launcher_1.7.100.v20251111-0406.jar
Launcher Type: SUN_STANDARD

[Global flags]
    uintx AdaptiveSizePolicyWeight                 = 90                                        {product} {command line}
     intx CICompilerCount                          = 3                                         {product} {ergonomic}
    uintx GCTimeRatio                              = 4                                         {product} {command line}
     bool HeapDumpOnOutOfMemoryError               = true                                   {manageable} {command line}
    ccstr HeapDumpPath                             = c:\Users\TOSHIBA\AppData\Roaming\Code\User\workspaceStorage\83d2132ee87fe1e68620f36b23b40423\redhat.java         {manageable} {command line}
   size_t InitialHeapSize                          = 104857600                                 {product} {command line}
   size_t MaxHeapSize                              = 2147483648                                {product} {command line}
   size_t MaxNewSize                               = 715653120                                 {product} {ergonomic}
   size_t MinHeapDeltaBytes                        = 524288                                    {product} {ergonomic}
   size_t MinHeapSize                              = 104857600                                 {product} {command line}
   size_t NewSize                                  = 34603008                                  {product} {ergonomic}
    uintx NonNMethodCodeHeapSize                   = 5832780                                {pd product} {ergonomic}
    uintx NonProfiledCodeHeapSize                  = 122912730                              {pd product} {ergonomic}
   size_t OldSize                                  = 70254592                                  {product} {ergonomic}
    uintx ProfiledCodeHeapSize                     = 122912730                              {pd product} {ergonomic}
    uintx ReservedCodeCacheSize                    = 251658240                              {pd product} {ergonomic}
     bool SegmentedCodeCache                       = true                                      {product} {ergonomic}
   size_t SoftMaxHeapSize                          = 2147483648                             {manageable} {ergonomic}
     bool UseCompressedOops                        = true                           {product lp64_product} {ergonomic}
     bool UseLargePagesIndividualAllocation        = false                                  {pd product} {ergonomic}
     bool UseParallelGC                            = true                                      {product} {command line}

Logging:
Log output configuration:
 #0: stdout all=off uptime,level,tags foldmultilines=false
 #1: stderr all=off uptime,level,tags foldmultilines=false

Release file:
JAVA_VERSION="21.0.10" 
MODULES="java.base java.compiler java.datatransfer java.xml java.prefs java.desktop java.instrument java.logging java.management java.security.sasl java.naming java.rmi java.management.rmi java.net.http java.scripting java.security.jgss java.transaction.xa java.sql java.sql.rowset java.xml.crypto java.se java.smartcardio jdk.accessibility jdk.internal.jvmstat jdk.attach jdk.charsets jdk.internal.opt jdk.zipfs jdk.compiler jdk.crypto.ec jdk.crypto.cryptoki jdk.crypto.mscapi jdk.dynalink jdk.internal.ed jdk.editpad jdk.hotspot.agent jdk.httpserver jdk.internal.le jdk.internal.vm.ci jdk.internal.vm.compiler jdk.internal.vm.compiler.management jdk.jartool jdk.javadoc jdk.jcmd jdk.management jdk.management.agent jdk.jconsole jdk.jdeps jdk.jdwp.agent jdk.jdi jdk.jfr jdk.jshell jdk.jsobject jdk.jstatd jdk.localedata jdk.management.jfr jdk.naming.dns jdk.naming.rmi jdk.net jdk.nio.mapmode jdk.random jdk.sctp jdk.security.auth jdk.security.jgss jdk.unsupported jdk.unsupported.desktop jdk.xml.dom" 

Environment Variables:
PATH=C:\Users\TOSHIBA\AppData\Local\Programs\Microsoft VS Code;C:\Program Files (x86)\VMware\VMware Workstation\bin\;C:\Windows\system32;C:\Windows;C:\Windows\System32\Wbem;C:\Windows\System32\WindowsPowerShell\v1.0\;C:\Windows\System32\OpenSSH\;C:\Program Files\Git\cmd;C:\Program Files\PuTTY\;C:\xampp\php;C:\ProgramData\ComposerSetup\bin;C:\Program Files (x86)\Microsoft SQL Server\160\Tools\Binn\;C:\Program Files\Microsoft SQL Server\160\Tools\Binn\;C:\Program Files\Microsoft SQL Server\Client SDK\ODBC\170\Tools\Binn\;C:\Program Files\Microsoft SQL Server\160\DTS\Binn\;C:\Program Files\nodejs\;C:\Users\TOSHIBA\AppData\Local\Programs\Python\Launcher\;C:\Users\TOSHIBA\AppData\Local\Microsoft\WindowsApps;C:\Users\TOSHIBA\AppData\Local\Programs\Microsoft VS Code\bin;C:\Users\TOSHIBA\Documents\U\2025-1\Tecn Emergentes\terraform;C:\Users\TOSHIBA\AppData\Local\Programs\Python\Python312\;C:\Users\TOSHIBA\AppData\Local\Programs\Python\Python312\Scripts\;C:\Users\TOSHIBA\AppData\Roaming\Composer\vendor\bin;C:\Users\TOSHIBA\AppData\Local\Programs\Antigravity\bin;C:\Users\TOSHIBA\AppData\Roaming\npm;C:\Users\TOSHIBA\AppData\Local\Programs\cursor\resources\app\bin
USERNAME=TOSHIBA
OS=Windows_NT
PROCESSOR_IDENTIFIER=Intel64 Family 6 Model 69 Stepping 1, GenuineIntel
TMP=C:\Users\TOSHIBA\AppData\Local\Temp
TEMP=C:\Users\TOSHIBA\AppData\Local\Temp




Periodic native trim disabled

---------------  S Y S T E M  ---------------

OS:
 Windows 10 , 64 bit Build 19041 (10.0.19041.5915)
OS uptime: 3 days 18:46 hours

CPU: total 4 (initial active 4) (2 cores per cpu, 2 threads per core) family 6 model 69 stepping 1 microcode 0x25, cx8, cmov, fxsr, ht, mmx, sse, sse2, sse3, ssse3, sse4.1, sse4.2, popcnt, lzcnt, tsc, tscinvbit, avx, avx2, aes, erms, clmul, bmi1, bmi2, fma, vzeroupper, clflush, rdtscp, f16c
Processor Information for the first 4 processors :
  Max Mhz: 1700, Current Mhz: 1700, Mhz Limit: 1700

Memory: 4k page, system-wide physical 4006M (289M free)
TotalPageFile size 16294M (AvailPageFile size 27M)
current process WorkingSet (physical memory assigned to process): 8M, peak: 739M
current process commit charge ("private bytes"): 992M, peak: 1007M

vm_info: OpenJDK 64-Bit Server VM (21.0.10+7-LTS) for windows-amd64 JRE (21.0.10+7-LTS), built on 2026-01-20T00:00:00Z by "admin" with MS VC++ 17.12 (VS2022)

END.
